../Core/Inc/Cli.h:22:10:Cli::~Cli()	16	static
../Core/Inc/Cli.h:22:10:virtual Cli::~Cli()	16	static
../Core/Inc/Cli.h:38:7:void CliContainer::RegisterCommand(const char*, Cli*)	24	static
../Core/Inc/Cli.h:18:7:constexpr Cli::Cli()	16	static
../Core/Src/Cli.cpp:28:2:ledOn::ledOn(LED*)	16	static
../Core/Src/Cli.cpp:31:7:virtual void ledOn::doCommand(const char*)	16	static
../Core/Src/Cli.cpp:39:2:ledOff::ledOff(LED*)	16	static
../Core/Src/Cli.cpp:42:7:virtual void ledOff::doCommand(const char*)	16	static
../Core/Src/Cli.cpp:50:2:ledBlink::ledBlink(LED*)	16	static
../Core/Src/Cli.cpp:53:7:virtual void ledBlink::doCommand(const char*)	16	static
../Core/Src/Cli.cpp:74:2:rtcstart::rtcstart(_RTC*)	16	static
../Core/Src/Cli.cpp:77:7:virtual void rtcstart::doCommand(const char*)	16	static
../Core/Src/Cli.cpp:86:2:rtcgettime::rtcgettime(_RTC*)	16	static
../Core/Src/Cli.cpp:89:7:virtual void rtcgettime::doCommand(const char*)	16	static
../Core/Src/Cli.cpp:99:2:rtcsettime::rtcsettime(_RTC*)	16	static
../Core/Src/Cli.cpp:102:7:virtual void rtcsettime::doCommand(const char*)	104	static
../Core/Src/Cli.cpp:142:2:rtcstop::rtcstop(_RTC*)	16	static
../Core/Src/Cli.cpp:145:7:virtual void rtcstop::doCommand(const char*)	16	static
../Core/Src/Cli.cpp:154:2:buzzeron::buzzeron(BUZZER*)	16	static
../Core/Src/Cli.cpp:157:7:virtual void buzzeron::doCommand(const char*)	16	static
../Core/Src/Cli.cpp:165:2:buzzeroff::buzzeroff(BUZZER*)	16	static
../Core/Src/Cli.cpp:168:7:virtual void buzzeroff::doCommand(const char*)	16	static
../Core/Src/Cli.cpp:175:6:void SetWarning::doCommand(char*)	24	static
../Core/Src/Cli.cpp:188:6:void SetCritical::doCommand(char*)	24	static
../Core/Src/Cli.cpp:201:6:void GetFlashInfo::doCommand(char*)	16	static
../Core/Src/Cli.cpp:209:6:void CliContainer::initCLIcontainer()	24	static
../Core/Src/Cli.cpp:161:7:buzzeroff::~buzzeroff()	16	static
../Core/Src/Cli.cpp:161:7:virtual buzzeroff::~buzzeroff()	16	static
../Core/Src/Cli.cpp:150:7:buzzeron::~buzzeron()	16	static
../Core/Src/Cli.cpp:150:7:virtual buzzeron::~buzzeron()	16	static
../Core/Src/Cli.cpp:138:7:rtcstop::~rtcstop()	16	static
../Core/Src/Cli.cpp:138:7:virtual rtcstop::~rtcstop()	16	static
../Core/Src/Cli.cpp:95:7:rtcsettime::~rtcsettime()	16	static
../Core/Src/Cli.cpp:95:7:virtual rtcsettime::~rtcsettime()	16	static
../Core/Src/Cli.cpp:82:7:rtcgettime::~rtcgettime()	16	static
../Core/Src/Cli.cpp:82:7:virtual rtcgettime::~rtcgettime()	16	static
../Core/Src/Cli.cpp:70:7:rtcstart::~rtcstart()	16	static
../Core/Src/Cli.cpp:70:7:virtual rtcstart::~rtcstart()	16	static
../Core/Src/Cli.cpp:46:7:ledBlink::~ledBlink()	16	static
../Core/Src/Cli.cpp:46:7:virtual ledBlink::~ledBlink()	16	static
../Core/Src/Cli.cpp:35:7:ledOff::~ledOff()	16	static
../Core/Src/Cli.cpp:35:7:virtual ledOff::~ledOff()	16	static
../Core/Src/Cli.cpp:24:7:ledOn::~ledOn()	16	static
../Core/Src/Cli.cpp:24:7:virtual ledOn::~ledOn()	16	static
