../Core/Inc/Cli.h:54:7:void CliContainer::doCommand(char*, char*)	32	static
/opt/st/stm32cubeide_1.11.0/plugins/com.st.stm32cube.ide.mcu.externaltools.gnu-tools-for-stm32.10.3-2021.10.linux64_1.0.100.202210260954/tools/arm-none-eabi/include/c++/10.3.1/arm-none-eabi/thumb/v7e-m+fp/hard/bits/gthr-default.h:229:1:int __gthread_key_delete(__gthread_key_t)	16	static
../Core/Src/commTask.cpp:26:5:int CommTASK::commTask()	24	static
../Core/Src/commTask.cpp:60:6:void CommTASK::handleCommand()	88	static
../Core/Src/commTask.cpp:67:1:void __static_initialization_and_destruction_0(int, int)	16	static
../Core/Src/commTask.cpp:67:1:cpp)	8	static
../Core/Src/commTask.cpp:67:1:cpp)	8	static
