../Core/Src/main.c:110:5:_write	24	static
../Core/Src/main.c:121:5:main	8	static
../Core/Src/main.c:216:6:SystemClock_Config	96	static
../Core/Src/main.c:266:13:MX_I2C1_Init	8	static
../Core/Src/main.c:314:13:MX_TIM3_Init	64	static
../Core/Src/main.c:373:13:MX_TIM6_Init	24	static
../Core/Src/main.c:411:13:MX_USART2_UART_Init	8	static
../Core/Src/main.c:446:13:MX_GPIO_Init	48	static
../Core/Src/main.c:505:6:StartDefaultTask	16	static
../Core/Src/main.c:523:13:StartcommTask	16	static
../Core/Src/main.c:541:13:StartDht	16	static
../Core/Src/main.c:559:13:StartFlashTask	16	static
../Core/Src/main.c:577:13:StartLedTask	16	static
../Core/Src/main.c:596:6:HAL_TIM_PeriodElapsedCallback	16	static
../Core/Src/main.c:613:6:Error_Handler	4	static,ignoring_inline_asm
